[INFO] Scanning for projects...
[WARNING] 
[WARNING] Some problems were encountered while building the effective model for com.treepeople:leapmind-tts:jar:0.0.1-SNAPSHOT
[WARNING] 'dependencies.dependency.(groupId:artifactId:type:classifier)' must be unique: org.springdoc:springdoc-openapi-starter-webmvc-ui:jar -> duplicate declaration of version 2.2.0 @ line 293, column 21
[WARNING] 'dependencies.dependency.(groupId:artifactId:type:classifier)' must be unique: org.apache.poi:poi-ooxml:jar -> duplicate declaration of version 5.2.5 @ line 307, column 21
[WARNING] 'dependencies.dependency.(groupId:artifactId:type:classifier)' must be unique: io.minio:minio:jar -> version 8.5.7 vs 8.5.9 @ line 314, column 21
[WARNING] 
[WARNING] It is highly recommended to fix these problems because they threaten the stability of your build.
[WARNING] 
[WARNING] For this reason, future Maven versions might no longer support building such malformed projects.
[WARNING] 
[INFO] 
[INFO] --------------------< com.treepeople:leapmind-tts >---------------------
[INFO] Building leapmind-tts 0.0.1-SNAPSHOT
[INFO]   from pom.xml
[INFO] --------------------------------[ jar ]---------------------------------
[INFO] 
[INFO] >>> spring-boot-maven-plugin:3.1.5:run (default-cli) > test-compile @ leapmind-tts >>>
[INFO] 
[INFO] --- maven-resources-plugin:3.3.1:resources (default-resources) @ leapmind-tts ---
[INFO] Copying 54 resources from src\main\resources to target\classes
[INFO] Copying 1 resource from docs to target\classes\static\docs
[INFO] 
[INFO] --- maven-compiler-plugin:3.12.1:compile (default-compile) @ leapmind-tts ---
[INFO] Nothing to compile - all classes are up to date.
[INFO] 
[INFO] --- maven-resources-plugin:3.3.1:testResources (default-testResources) @ leapmind-tts ---
[INFO] Copying 2 resources from src\test\resources to target\test-classes
[INFO] 
[INFO] --- maven-compiler-plugin:3.12.1:testCompile (default-testCompile) @ leapmind-tts ---
[INFO] Nothing to compile - all classes are up to date.
[INFO] 
[INFO] <<< spring-boot-maven-plugin:3.1.5:run (default-cli) < test-compile @ leapmind-tts <<<
[INFO] 
[INFO] 
[INFO] --- spring-boot-maven-plugin:3.1.5:run (default-cli) @ leapmind-tts ---
[INFO] Attaching agents: []

  .   ____          _            __ _ _
 /\\ / ___'_ __ _ _(_)_ __  __ _ \ \ \ \
( ( )\___ | '_ | '_| | '_ \/ _` | \ \ \ \
 \\/  ___)| |_)| | | | | || (_| |  ) ) ) )
  '  |____| .__|_| |_|_| |_\__, | / / / /
 =========|_|==============|___/=/_/_/_/
 :: Spring Boot ::                (v3.1.5)

2026-08-13T14:40:10.866+08:00  INFO 4448 --- [           main] c.t.leapmindtts.LeapMindTtsApplication   : Starting LeapMindTtsApplication using Java 17.0.8 with PID 4448 (D:\a-TuMo\study\project\hsd\leapmind\aitutor-backend-java\target\classes started by tumo in D:\a-TuMo\study\project\hsd\leapmind\aitutor-backend-java)
2026-08-13T14:40:10.868+08:00 DEBUG 4448 --- [           main] c.t.leapmindtts.LeapMindTtsApplication   : Running with Spring Boot v3.1.5, Spring v6.0.13
2026-08-13T14:40:10.868+08:00  INFO 4448 --- [           main] c.t.leapmindtts.LeapMindTtsApplication   : The following 1 profile is active: "dev"
2026-08-13T14:40:11.927+08:00  INFO 4448 --- [           main] .s.d.r.c.RepositoryConfigurationDelegate : Multiple Spring Data modules found, entering strict repository configuration mode
2026-08-13T14:40:11.929+08:00  INFO 4448 --- [           main] .s.d.r.c.RepositoryConfigurationDelegate : Bootstrapping Spring Data Redis repositories in DEFAULT mode.
2026-08-13T14:40:11.962+08:00  INFO 4448 --- [           main] .s.d.r.c.RepositoryConfigurationDelegate : Finished Spring Data repository scanning in 26 ms. Found 0 Redis repository interfaces.
2026-08-13T14:40:12.201+08:00  INFO 4448 --- [           main] o.s.cloud.context.scope.GenericScope     : BeanFactory id=898fba6d-f1f5-367a-a98e-09b154241ef5
2026-08-13T14:40:12.469+08:00  INFO 4448 --- [           main] trationDelegate$BeanPostProcessorChecker : Bean 'org.springframework.cloud.client.loadbalancer.reactive.LoadBalancerBeanPostProcessorAutoConfiguration' of type [org.springframework.cloud.client.loadbalancer.reactive.LoadBalancerBeanPostProcessorAutoConfiguration] is not eligible for getting processed by all BeanPostProcessors (for example: not eligible for auto-proxying)
2026-08-13T14:40:12.472+08:00  INFO 4448 --- [           main] trationDelegate$BeanPostProcessorChecker : Bean 'org.springframework.cloud.client.loadbalancer.reactive.LoadBalancerBeanPostProcessorAutoConfiguration$ReactorDeferringLoadBalancerFilterConfig' of type [org.springframework.cloud.client.loadbalancer.reactive.LoadBalancerBeanPostProcessorAutoConfiguration$ReactorDeferringLoadBalancerFilterConfig] is not eligible for getting processed by all BeanPostProcessors (for example: not eligible for auto-proxying)
2026-08-13T14:40:12.475+08:00  INFO 4448 --- [           main] trationDelegate$BeanPostProcessorChecker : Bean 'reactorDeferringLoadBalancerExchangeFilterFunction' of type [org.springframework.cloud.client.loadbalancer.reactive.DeferringLoadBalancerExchangeFilterFunction] is not eligible for getting processed by all BeanPostProcessors (for example: not eligible for auto-proxying)
2026-08-13T14:40:12.704+08:00  INFO 4448 --- [           main] o.s.b.w.embedded.tomcat.TomcatWebServer  : Tomcat initialized with port(s): 8080 (http)
2026-08-13T14:40:12.730+08:00  INFO 4448 --- [           main] o.apache.catalina.core.StandardService   : Starting service [Tomcat]
2026-08-13T14:40:12.730+08:00  INFO 4448 --- [           main] o.apache.catalina.core.StandardEngine    : Starting Servlet engine: [Apache Tomcat/10.1.15]
2026-08-13T14:40:12.838+08:00  INFO 4448 --- [           main] o.a.c.c.C.[Tomcat].[localhost].[/]       : Initializing Spring embedded WebApplicationContext
2026-08-13T14:40:12.838+08:00  INFO 4448 --- [           main] w.s.c.ServletWebServerApplicationContext : Root WebApplicationContext: initialization completed in 1927 ms
2026-08-13T14:40:13.211+08:00 DEBUG 4448 --- [           main] c.t.l.config.JwtAuthenticationFilter     : Filter 'jwtAuthenticationFilter' configured for use
2026-08-13T14:40:13.236+08:00 DEBUG 4448 --- [           main] c.t.l.config.M6StrictJsonFilter          : Filter 'm6StrictJsonFilter' configured for use
2026-08-13T14:40:13.523+08:00  INFO 4448 --- [           main] c.n.d.provider.DiscoveryJerseyProvider   : Using JSON encoding codec LegacyJacksonJson
2026-08-13T14:40:13.525+08:00  INFO 4448 --- [           main] c.n.d.provider.DiscoveryJerseyProvider   : Using JSON decoding codec LegacyJacksonJson
2026-08-13T14:40:13.620+08:00  INFO 4448 --- [           main] c.n.d.provider.DiscoveryJerseyProvider   : Using XML encoding codec XStreamXml
2026-08-13T14:40:13.620+08:00  INFO 4448 --- [           main] c.n.d.provider.DiscoveryJerseyProvider   : Using XML decoding codec XStreamXml
2026-08-13T14:40:13.702+08:00 DEBUG 4448 --- [           main] ySourcesPropertyResolver$DefaultResolver : Found key 'MYSQL_PASSWORD' in PropertySource 'systemEnvironment' with value of type String
Logging initialized using 'class org.apache.ibatis.logging.stdout.StdOutImpl' adapter.
Initialization Sequence datacenterId:24 workerId:6
 _ _   |_  _ _|_. ___ _ |    _ 
| | |\/|_)(_| | |_\  |_)||_|_\ 
     /               |         
                        3.5.4 
2026-08-13T14:40:14.716+08:00  INFO 4448 --- [           main] c.t.l.s.lesson.PlaybackStateManager      : PlaybackStateManager initialized with automatic cleanup every 5 minutes
2026-08-13T14:40:14.722+08:00  INFO 4448 --- [           main] c.t.l.s.lesson.SegmentCacheManager       : SegmentCacheManager initialized with cache size: 50
2026-08-13T14:40:15.323+08:00  INFO 4448 --- [           main] c.t.l.s.lesson.ConversationService       : ConversationService initialized (timeout=PT30M, messageLimit=20)
This "id" is the table primary key by default name for `id` in Class: "com.treepeople.leapmindtts.pojo.entity.PPTSlides",So @TableField will not work!
2026-08-13T14:40:15.919+08:00  INFO 4448 --- [           main] c.t.l.l.CircuitBreakerEventListener      : Registering state transition listener for circuit breaker: contextCompress
2026-08-13T14:40:15.920+08:00  INFO 4448 --- [           main] c.t.l.l.CircuitBreakerEventListener      : Registering state transition listener for circuit breaker: aiService
2026-08-13T14:40:15.925+08:00  INFO 4448 --- [           main] c.t.l.s.lesson.TextPolishingService      : TextPolishingService 初始化完成 - enabled: true, timeout: 25s, maxRetries: 3
2026-08-13T14:40:16.259+08:00  WARN 4448 --- [           main] .s.s.UserDetailsServiceAutoConfiguration : 

Using generated security password: 4d08daf7-662c-4d1f-a97e-cc2c45295e56

This generated password is for development use only. Your security configuration must be updated before running your application in production.

2026-08-13T14:40:17.016+08:00  INFO 4448 --- [           main] o.s.b.a.e.web.EndpointLinksResolver      : Exposing 27 endpoint(s) beneath base path '/actuator'
2026-08-13T14:40:17.061+08:00  INFO 4448 --- [           main] o.s.s.web.DefaultSecurityFilterChain     : Will secure any request with [org.springframework.security.web.session.DisableEncodeUrlFilter@6bd721e1, org.springframework.security.web.context.request.async.WebAsyncManagerIntegrationFilter@4ba25170, org.springframework.security.web.context.SecurityContextHolderFilter@42343f6d, org.springframework.security.web.header.HeaderWriterFilter@3e03037f, org.springframework.web.filter.CorsFilter@6da2a7be, org.springframework.security.web.authentication.logout.LogoutFilter@54eda0bb, com.treepeople.leapmindtts.config.JwtAuthenticationFilter@122ea8dc, org.springframework.security.web.savedrequest.RequestCacheAwareFilter@27a14f7e, org.springframework.security.web.servletapi.SecurityContextHolderAwareRequestFilter@47127c29, org.springframework.security.web.authentication.AnonymousAuthenticationFilter@4b2c95ff, org.springframework.security.web.session.SessionManagementFilter@38613df7, org.springframework.security.web.access.ExceptionTranslationFilter@5fcb223, org.springframework.security.web.access.intercept.AuthorizationFilter@59889208]
2026-08-13T14:40:18.034+08:00  INFO 4448 --- [           main] o.s.c.n.eureka.InstanceInfoFactory       : Setting initial instance status as: STARTING
2026-08-13T14:40:18.054+08:00  INFO 4448 --- [           main] com.netflix.discovery.DiscoveryClient    : Initializing Eureka in region us-east-1
2026-08-13T14:40:18.055+08:00  INFO 4448 --- [           main] com.netflix.discovery.DiscoveryClient    : Client configured to neither register nor query for data.
2026-08-13T14:40:18.061+08:00  INFO 4448 --- [           main] com.netflix.discovery.DiscoveryClient    : Discovery Client initialized at timestamp 1786603218061 with initial instances count: 0
2026-08-13T14:40:18.106+08:00  INFO 4448 --- [           main] c.n.eureka.DefaultEurekaServerContext    : Initializing ...
2026-08-13T14:40:18.108+08:00  INFO 4448 --- [           main] c.n.eureka.cluster.PeerEurekaNodes       : Adding new peer nodes [http://localhost:8761/eureka/]
2026-08-13T14:40:18.151+08:00  INFO 4448 --- [           main] c.n.d.provider.DiscoveryJerseyProvider   : Using JSON encoding codec LegacyJacksonJson
2026-08-13T14:40:18.151+08:00  INFO 4448 --- [           main] c.n.d.provider.DiscoveryJerseyProvider   : Using JSON decoding codec LegacyJacksonJson
2026-08-13T14:40:18.151+08:00  INFO 4448 --- [           main] c.n.d.provider.DiscoveryJerseyProvider   : Using XML encoding codec XStreamXml
2026-08-13T14:40:18.151+08:00  INFO 4448 --- [           main] c.n.d.provider.DiscoveryJerseyProvider   : Using XML decoding codec XStreamXml
2026-08-13T14:40:18.233+08:00  INFO 4448 --- [           main] c.n.eureka.cluster.PeerEurekaNodes       : Replica node URL:  http://localhost:8761/eureka/
2026-08-13T14:40:18.239+08:00  INFO 4448 --- [           main] c.n.e.registry.AbstractInstanceRegistry  : Finished initializing remote region registries. All known remote regions: []
2026-08-13T14:40:18.239+08:00  INFO 4448 --- [           main] c.n.eureka.DefaultEurekaServerContext    : Initialized
2026-08-13T14:40:18.304+08:00  INFO 4448 --- [           main] o.s.c.n.e.s.EurekaServiceRegistry        : Registering application LEAPMIND-TTS with eureka with status UP
2026-08-13T14:40:18.314+08:00  INFO 4448 --- [      Thread-10] o.s.c.n.e.server.EurekaServerBootstrap   : isAws returned false
2026-08-13T14:40:18.314+08:00  INFO 4448 --- [      Thread-10] o.s.c.n.e.server.EurekaServerBootstrap   : Initialized server context
2026-08-13T14:40:18.315+08:00  INFO 4448 --- [      Thread-10] c.n.e.r.PeerAwareInstanceRegistryImpl    : Got 1 instances from neighboring DS node
2026-08-13T14:40:18.315+08:00  INFO 4448 --- [      Thread-10] c.n.e.r.PeerAwareInstanceRegistryImpl    : Renew threshold is: 1
2026-08-13T14:40:18.315+08:00  INFO 4448 --- [      Thread-10] c.n.e.r.PeerAwareInstanceRegistryImpl    : Changing status to UP
2026-08-13T14:40:18.316+08:00  INFO 4448 --- [           main] o.s.b.w.embedded.tomcat.TomcatWebServer  : Tomcat started on port(s): 8080 (http) with context path ''
2026-08-13T14:40:18.316+08:00  INFO 4448 --- [           main] .s.c.n.e.s.EurekaAutoServiceRegistration : Updating port to 8080
2026-08-13T14:40:18.319+08:00  INFO 4448 --- [      Thread-10] e.s.EurekaServerInitializerConfiguration : Started Eureka Server
2026-08-13T14:40:18.490+08:00  INFO 4448 --- [           main] o.s.m.s.b.SimpleBrokerMessageHandler     : Starting...
2026-08-13T14:40:18.492+08:00  INFO 4448 --- [           main] o.s.m.s.b.SimpleBrokerMessageHandler     : BrokerAvailabilityEvent[available=true, SimpleBrokerMessageHandler [org.springframework.messaging.simp.broker.DefaultSubscriptionRegistry@6797b494]]
2026-08-13T14:40:18.492+08:00  INFO 4448 --- [           main] o.s.m.s.b.SimpleBrokerMessageHandler     : Started.
2026-08-13T14:40:18.493+08:00 DEBUG 4448 --- [           main] ySourcesPropertyResolver$DefaultResolver : Found key 'aliyun.sms.accessKeyId' in PropertySource 'Config resource 'class path resource [application.yml]' via location 'optional:classpath:/'' with value of type String
2026-08-13T14:40:18.494+08:00 DEBUG 4448 --- [           main] ySourcesPropertyResolver$DefaultResolver : Found key 'aliyun.sms.accessKeySecret' in PropertySource 'Config resource 'class path resource [application.yml]' via location 'optional:classpath:/'' with value of type String
2026-08-13T14:40:18.496+08:00 DEBUG 4448 --- [           main] ySourcesPropertyResolver$DefaultResolver : Found key 'aliyun.sms.sMVCode.signName' in PropertySource 'Config resource 'class path resource [application.yml]' via location 'optional:classpath:/'' with value of type String
2026-08-13T14:40:18.497+08:00 DEBUG 4448 --- [           main] ySourcesPropertyResolver$DefaultResolver : Found key 'aliyun.sms.sMVCode.templateCode' in PropertySource 'Config resource 'class path resource [application.yml]' via location 'optional:classpath:/'' with value of type String
2026-08-13T14:40:18.497+08:00 DEBUG 4448 --- [           main] ySourcesPropertyResolver$DefaultResolver : Found key 'aliyun.sms.sMVCode.limitTime' in PropertySource 'Config resource 'class path resource [application.yml]' via location 'optional:classpath:/'' with value of type Integer
2026-08-13T14:40:18.513+08:00  INFO 4448 --- [           main] c.t.leapmindtts.LeapMindTtsApplication   : Started LeapMindTtsApplication in 8.079 seconds (process running for 8.385)
2026-08-13T14:40:18.516+08:00  INFO 4448 --- [MessageBroker-1] com.zaxxer.hikari.HikariDataSource       : HikariPool-1 - Starting...
Creating a new SqlSession
Creating a new SqlSession
SqlSession [org.apache.ibatis.session.defaults.DefaultSqlSession@7d8b1735] was not registered for synchronization because synchronization is not active
SqlSession [org.apache.ibatis.session.defaults.DefaultSqlSession@40ccec45] was not registered for synchronization because synchronization is not active
2026-08-13T14:40:18.613+08:00  INFO 4448 --- [MessageBroker-1] com.zaxxer.hikari.pool.HikariPool        : HikariPool-1 - Added connection com.mysql.cj.jdbc.ConnectionImpl@4d41b086
2026-08-13T14:40:18.616+08:00  INFO 4448 --- [MessageBroker-1] com.zaxxer.hikari.HikariDataSource       : HikariPool-1 - Start completed.
JDBC Connection [HikariProxyConnection@1325461064 wrapping com.mysql.cj.jdbc.ConnectionImpl@4d41b086] will not be managed by Spring
2026-08-13T14:40:18.622+08:00 DEBUG 4448 --- [MessageBroker-1] c.t.leapmindtts.task.VerifyCodeTask      : 开始处理过期验证码任务...
==>  Preparing: SELECT COUNT( * ) AS total FROM users
Creating a new SqlSession
Registering transaction synchronization for SqlSession [org.apache.ibatis.session.defaults.DefaultSqlSession@27f74dca]
JDBC Connection [HikariProxyConnection@1260505020 wrapping com.mysql.cj.jdbc.ConnectionImpl@5612e50] will not be managed by Spring
==>  Preparing: select distinct user_id from user_events where process_status in ('PENDING','QUARANTINED') order by user_id
JDBC Connection [HikariProxyConnection@124871178 wrapping com.mysql.cj.jdbc.ConnectionImpl@67528298] will be managed by Spring
==>  Preparing: SELECT id,phone,verification_code,expire_time,is_used FROM sms_verification_code WHERE (expire_time < ? AND is_used = ?)
==> Parameters: 
==> Parameters: 
==> Parameters: 2026-08-13T14:40:18.622266200(LocalDateTime), 0(Integer)
<==      Total: 0
<==    Columns: total
<==      Total: 0
<==        Row: 22
<==      Total: 1
Releasing transactional SqlSession [org.apache.ibatis.session.defaults.DefaultSqlSession@27f74dca]
Closing non transactional SqlSession [org.apache.ibatis.session.defaults.DefaultSqlSession@40ccec45]
Closing non transactional SqlSession [org.apache.ibatis.session.defaults.DefaultSqlSession@7d8b1735]
2026-08-13T14:40:18.683+08:00 DEBUG 4448 --- [MessageBroker-1] c.t.leapmindtts.task.VerifyCodeTask      : 没有找到过期的验证码记录
Transaction synchronization committing SqlSession [org.apache.ibatis.session.defaults.DefaultSqlSession@27f74dca]
Transaction synchronization deregistering SqlSession [org.apache.ibatis.session.defaults.DefaultSqlSession@27f74dca]
Transaction synchronization closing SqlSession [org.apache.ibatis.session.defaults.DefaultSqlSession@27f74dca]
2026-08-13T14:40:18.685+08:00  INFO 4448 --- [           main] c.t.leapmindtts.config.DataInitializer   : 数据库中已有 22 个用户，跳过初始化
2026-08-13T14:40:18.685+08:00  INFO 4448 --- [           main] c.t.l.config.StartupHealthCheck          : === 启动健康检查 ===
2026-08-13T14:40:18.685+08:00  INFO 4448 --- [           main] c.t.l.config.StartupHealthCheck          : ASR API Key 已配置: 1NKi3NqL...
2026-08-13T14:40:18.685+08:00  WARN 4448 --- [           main] c.t.l.config.StartupHealthCheck          : TTS API Key 未配置
2026-08-13T14:40:18.686+08:00  INFO 4448 --- [           main] c.t.l.config.StartupHealthCheck          : AI API Key 已配置: sk-ead3e...
2026-08-13T14:40:44.802+08:00 DEBUG 4448 --- [  sse-heartbeat] c.t.l.service.impl.SsePushServiceImpl    : 开始发送心跳，当前连接数: 0
Creating a new SqlSession
SqlSession [org.apache.ibatis.session.defaults.DefaultSqlSession@6d718dc6] was not registered for synchronization because synchronization is not active
JDBC Connection [HikariProxyConnection@1672904216 wrapping com.mysql.cj.jdbc.ConnectionImpl@4d41b086] will not be managed by Spring
==>  Preparing: select distinct user_id from user_events where process_status in ('PENDING','QUARANTINED') order by user_id
==> Parameters: 
<==      Total: 0
Closing non transactional SqlSession [org.apache.ibatis.session.defaults.DefaultSqlSession@6d718dc6]
2026-08-13T14:40:54.816+08:00  INFO 4448 --- [nio-8080-exec-1] o.a.c.c.C.[Tomcat].[localhost].[/]       : Initializing Spring DispatcherServlet 'dispatcherServlet'
2026-08-13T14:40:54.816+08:00  INFO 4448 --- [nio-8080-exec-1] o.s.web.servlet.DispatcherServlet        : Initializing Servlet 'dispatcherServlet'
2026-08-13T14:40:54.818+08:00  INFO 4448 --- [nio-8080-exec-1] o.s.web.servlet.DispatcherServlet        : Completed initialization in 1 ms
2026-08-13T14:41:14.792+08:00 DEBUG 4448 --- [    sse-cleanup] c.t.l.service.impl.SsePushServiceImpl    : 开始清理过期连接，当前连接数: 0
2026-08-13T14:41:14.792+08:00 DEBUG 4448 --- [  sse-heartbeat] c.t.l.service.impl.SsePushServiceImpl    : 开始发送心跳，当前连接数: 0
2026-08-13T14:41:14.792+08:00 DEBUG 4448 --- [    sse-cleanup] c.t.l.service.impl.SsePushServiceImpl    : 清理完成，剩余连接数: 0
2026-08-13T14:41:17.101+08:00  INFO 4448 --- [MessageBroker-4] o.s.w.s.c.WebSocketMessageBrokerStats    : WebSocketSession[0 current WS(0)-HttpStream(0)-HttpPoll(0), 0 total, 0 closed abnormally (0 connect failure, 0 send limit, 0 transport error)], stompSubProtocol[processed CONNECT(0)-CONNECTED(0)-DISCONNECT(0)], stompBrokerRelay[null], inboundChannel[pool size = 0, active threads = 0, queued tasks = 0, completed tasks = 0], outboundChannel[pool size = 0, active threads = 0, queued tasks = 0, completed tasks = 0], sockJsScheduler[pool size = 9, active threads = 1, queued tasks = 5, completed tasks = 3]
2026-08-13T14:41:18.331+08:00  INFO 4448 --- [a-EvictionTimer] c.n.e.registry.AbstractInstanceRegistry  : Running the evict task with compensationTime 0ms
Creating a new SqlSession
SqlSession [org.apache.ibatis.session.defaults.DefaultSqlSession@2a895221] was not registered for synchronization because synchronization is not active
JDBC Connection [HikariProxyConnection@609138944 wrapping com.mysql.cj.jdbc.ConnectionImpl@4d41b086] will not be managed by Spring
==>  Preparing: select distinct user_id from user_events where process_status in ('PENDING','QUARANTINED') order by user_id
==> Parameters: 
<==      Total: 0
Closing non transactional SqlSession [org.apache.ibatis.session.defaults.DefaultSqlSession@2a895221]
2026-08-13T14:41:44.806+08:00 DEBUG 4448 --- [  sse-heartbeat] c.t.l.service.impl.SsePushServiceImpl    : 开始发送心跳，当前连接数: 0
Creating a new SqlSession
SqlSession [org.apache.ibatis.session.defaults.DefaultSqlSession@2c62e0b1] was not registered for synchronization because synchronization is not active
JDBC Connection [HikariProxyConnection@273112891 wrapping com.mysql.cj.jdbc.ConnectionImpl@5612e50] will not be managed by Spring
==>  Preparing: select distinct user_id from user_events where process_status in ('PENDING','QUARANTINED') order by user_id
==> Parameters: 
<==      Total: 0
Closing non transactional SqlSession [org.apache.ibatis.session.defaults.DefaultSqlSession@2c62e0b1]
2026-08-13T14:42:14.804+08:00 DEBUG 4448 --- [    sse-cleanup] c.t.l.service.impl.SsePushServiceImpl    : 开始清理过期连接，当前连接数: 0
2026-08-13T14:42:14.804+08:00 DEBUG 4448 --- [  sse-heartbeat] c.t.l.service.impl.SsePushServiceImpl    : 开始发送心跳，当前连接数: 0
2026-08-13T14:42:14.804+08:00 DEBUG 4448 --- [    sse-cleanup] c.t.l.service.impl.SsePushServiceImpl    : 清理完成，剩余连接数: 0
2026-08-13T14:42:18.336+08:00  INFO 4448 --- [a-EvictionTimer] c.n.e.registry.AbstractInstanceRegistry  : Running the evict task with compensationTime 4ms
Creating a new SqlSession
SqlSession [org.apache.ibatis.session.defaults.DefaultSqlSession@1c8374f7] was not registered for synchronization because synchronization is not active
JDBC Connection [HikariProxyConnection@882448349 wrapping com.mysql.cj.jdbc.ConnectionImpl@67528298] will not be managed by Spring
==>  Preparing: select distinct user_id from user_events where process_status in ('PENDING','QUARANTINED') order by user_id
==> Parameters: 
<==      Total: 0
Closing non transactional SqlSession [org.apache.ibatis.session.defaults.DefaultSqlSession@1c8374f7]
2026-08-13T14:42:44.798+08:00 DEBUG 4448 --- [  sse-heartbeat] c.t.l.service.impl.SsePushServiceImpl    : 开始发送心跳，当前连接数: 0
Creating a new SqlSession
SqlSession [org.apache.ibatis.session.defaults.DefaultSqlSession@4375c209] was not registered for synchronization because synchronization is not active
JDBC Connection [HikariProxyConnection@325268161 wrapping com.mysql.cj.jdbc.ConnectionImpl@4d41b086] will not be managed by Spring
==>  Preparing: select distinct user_id from user_events where process_status in ('PENDING','QUARANTINED') order by user_id
==> Parameters: 
<==      Total: 0
Closing non transactional SqlSession [org.apache.ibatis.session.defaults.DefaultSqlSession@4375c209]
2026-08-13T14:43:14.806+08:00 DEBUG 4448 --- [    sse-cleanup] c.t.l.service.impl.SsePushServiceImpl    : 开始清理过期连接，当前连接数: 0
2026-08-13T14:43:14.806+08:00 DEBUG 4448 --- [  sse-heartbeat] c.t.l.service.impl.SsePushServiceImpl    : 开始发送心跳，当前连接数: 0
2026-08-13T14:43:14.807+08:00 DEBUG 4448 --- [    sse-cleanup] c.t.l.service.impl.SsePushServiceImpl    : 清理完成，剩余连接数: 0
2026-08-13T14:43:18.350+08:00  INFO 4448 --- [a-EvictionTimer] c.n.e.registry.AbstractInstanceRegistry  : Running the evict task with compensationTime 14ms
Creating a new SqlSession
SqlSession [org.apache.ibatis.session.defaults.DefaultSqlSession@72094f42] was not registered for synchronization because synchronization is not active
JDBC Connection [HikariProxyConnection@302885406 wrapping com.mysql.cj.jdbc.ConnectionImpl@4d41b086] will not be managed by Spring
==>  Preparing: select distinct user_id from user_events where process_status in ('PENDING','QUARANTINED') order by user_id
==> Parameters: 
<==      Total: 0
Closing non transactional SqlSession [org.apache.ibatis.session.defaults.DefaultSqlSession@72094f42]
2026-08-13T14:43:44.798+08:00 DEBUG 4448 --- [  sse-heartbeat] c.t.l.service.impl.SsePushServiceImpl    : 开始发送心跳，当前连接数: 0
Creating a new SqlSession
SqlSession [org.apache.ibatis.session.defaults.DefaultSqlSession@21921b49] was not registered for synchronization because synchronization is not active
JDBC Connection [HikariProxyConnection@794157323 wrapping com.mysql.cj.jdbc.ConnectionImpl@4d41b086] will not be managed by Spring
==>  Preparing: select distinct user_id from user_events where process_status in ('PENDING','QUARANTINED') order by user_id
==> Parameters: 
<==      Total: 0
Closing non transactional SqlSession [org.apache.ibatis.session.defaults.DefaultSqlSession@21921b49]
2026-08-13T14:44:14.792+08:00 DEBUG 4448 --- [  sse-heartbeat] c.t.l.service.impl.SsePushServiceImpl    : 开始发送心跳，当前连接数: 0
2026-08-13T14:44:14.792+08:00 DEBUG 4448 --- [    sse-cleanup] c.t.l.service.impl.SsePushServiceImpl    : 开始清理过期连接，当前连接数: 0
2026-08-13T14:44:14.792+08:00 DEBUG 4448 --- [    sse-cleanup] c.t.l.service.impl.SsePushServiceImpl    : 清理完成，剩余连接数: 0
2026-08-13T14:44:18.350+08:00  INFO 4448 --- [a-EvictionTimer] c.n.e.registry.AbstractInstanceRegistry  : Running the evict task with compensationTime 0ms
Creating a new SqlSession
SqlSession [org.apache.ibatis.session.defaults.DefaultSqlSession@3e6b3c79] was not registered for synchronization because synchronization is not active
JDBC Connection [HikariProxyConnection@816629188 wrapping com.mysql.cj.jdbc.ConnectionImpl@4d41b086] will not be managed by Spring
==>  Preparing: select distinct user_id from user_events where process_status in ('PENDING','QUARANTINED') order by user_id
==> Parameters: 
<==      Total: 0
Closing non transactional SqlSession [org.apache.ibatis.session.defaults.DefaultSqlSession@3e6b3c79]
2026-08-13T14:44:44.802+08:00 DEBUG 4448 --- [  sse-heartbeat] c.t.l.service.impl.SsePushServiceImpl    : 开始发送心跳，当前连接数: 0
Creating a new SqlSession
SqlSession [org.apache.ibatis.session.defaults.DefaultSqlSession@577370f] was not registered for synchronization because synchronization is not active
JDBC Connection [HikariProxyConnection@795020829 wrapping com.mysql.cj.jdbc.ConnectionImpl@5612e50] will not be managed by Spring
==>  Preparing: select distinct user_id from user_events where process_status in ('PENDING','QUARANTINED') order by user_id
==> Parameters: 
<==      Total: 0
Closing non transactional SqlSession [org.apache.ibatis.session.defaults.DefaultSqlSession@577370f]
2026-08-13T14:45:14.797+08:00 DEBUG 4448 --- [  sse-heartbeat] c.t.l.service.impl.SsePushServiceImpl    : 开始发送心跳，当前连接数: 0
2026-08-13T14:45:14.797+08:00 DEBUG 4448 --- [    sse-cleanup] c.t.l.service.impl.SsePushServiceImpl    : 开始清理过期连接，当前连接数: 0
2026-08-13T14:45:14.797+08:00 DEBUG 4448 --- [    sse-cleanup] c.t.l.service.impl.SsePushServiceImpl    : 清理完成，剩余连接数: 0
2026-08-13T14:45:18.359+08:00  INFO 4448 --- [a-EvictionTimer] c.n.e.registry.AbstractInstanceRegistry  : Running the evict task with compensationTime 8ms
2026-08-13T14:45:18.515+08:00 DEBUG 4448 --- [MessageBroker-5] c.t.leapmindtts.task.VerifyCodeTask      : 开始处理过期验证码任务...
Creating a new SqlSession
Registering transaction synchronization for SqlSession [org.apache.ibatis.session.defaults.DefaultSqlSession@58bfdee]
JDBC Connection [HikariProxyConnection@2102313613 wrapping com.mysql.cj.jdbc.ConnectionImpl@4d41b086] will be managed by Spring
==>  Preparing: SELECT id,phone,verification_code,expire_time,is_used FROM sms_verification_code WHERE (expire_time < ? AND is_used = ?)
==> Parameters: 2026-08-13T14:45:18.516084100(LocalDateTime), 0(Integer)
<==      Total: 0
Releasing transactional SqlSession [org.apache.ibatis.session.defaults.DefaultSqlSession@58bfdee]
2026-08-13T14:45:18.519+08:00 DEBUG 4448 --- [MessageBroker-5] c.t.leapmindtts.task.VerifyCodeTask      : 没有找到过期的验证码记录
Transaction synchronization committing SqlSession [org.apache.ibatis.session.defaults.DefaultSqlSession@58bfdee]
Transaction synchronization deregistering SqlSession [org.apache.ibatis.session.defaults.DefaultSqlSession@58bfdee]
Transaction synchronization closing SqlSession [org.apache.ibatis.session.defaults.DefaultSqlSession@58bfdee]
Creating a new SqlSession
SqlSession [org.apache.ibatis.session.defaults.DefaultSqlSession@6c19fc2f] was not registered for synchronization because synchronization is not active
JDBC Connection [HikariProxyConnection@1658720220 wrapping com.mysql.cj.jdbc.ConnectionImpl@4d41b086] will not be managed by Spring
==>  Preparing: select distinct user_id from user_events where process_status in ('PENDING','QUARANTINED') order by user_id
==> Parameters: 
<==      Total: 0
Closing non transactional SqlSession [org.apache.ibatis.session.defaults.DefaultSqlSession@6c19fc2f]
2026-08-13T14:45:44.807+08:00 DEBUG 4448 --- [  sse-heartbeat] c.t.l.service.impl.SsePushServiceImpl    : 开始发送心跳，当前连接数: 0
Creating a new SqlSession
SqlSession [org.apache.ibatis.session.defaults.DefaultSqlSession@66b340e7] was not registered for synchronization because synchronization is not active
JDBC Connection [HikariProxyConnection@1752478273 wrapping com.mysql.cj.jdbc.ConnectionImpl@4d41b086] will not be managed by Spring
==>  Preparing: select distinct user_id from user_events where process_status in ('PENDING','QUARANTINED') order by user_id
==> Parameters: 
<==      Total: 0
Closing non transactional SqlSession [org.apache.ibatis.session.defaults.DefaultSqlSession@66b340e7]
2026-08-13T14:46:14.807+08:00 DEBUG 4448 --- [  sse-heartbeat] c.t.l.service.impl.SsePushServiceImpl    : 开始发送心跳，当前连接数: 0
2026-08-13T14:46:14.807+08:00 DEBUG 4448 --- [    sse-cleanup] c.t.l.service.impl.SsePushServiceImpl    : 开始清理过期连接，当前连接数: 0
2026-08-13T14:46:14.833+08:00 DEBUG 4448 --- [    sse-cleanup] c.t.l.service.impl.SsePushServiceImpl    : 清理完成，剩余连接数: 0
2026-08-13T14:46:18.366+08:00  INFO 4448 --- [a-EvictionTimer] c.n.e.registry.AbstractInstanceRegistry  : Running the evict task with compensationTime 6ms
Creating a new SqlSession
SqlSession [org.apache.ibatis.session.defaults.DefaultSqlSession@5938bdbc] was not registered for synchronization because synchronization is not active
JDBC Connection [HikariProxyConnection@770503143 wrapping com.mysql.cj.jdbc.ConnectionImpl@4d41b086] will not be managed by Spring
==>  Preparing: select distinct user_id from user_events where process_status in ('PENDING','QUARANTINED') order by user_id
==> Parameters: 
<==      Total: 0
Closing non transactional SqlSession [org.apache.ibatis.session.defaults.DefaultSqlSession@5938bdbc]
2026-08-13T14:46:44.800+08:00 DEBUG 4448 --- [  sse-heartbeat] c.t.l.service.impl.SsePushServiceImpl    : 开始发送心跳，当前连接数: 0
Creating a new SqlSession
SqlSession [org.apache.ibatis.session.defaults.DefaultSqlSession@6c3e53fb] was not registered for synchronization because synchronization is not active
JDBC Connection [HikariProxyConnection@600091191 wrapping com.mysql.cj.jdbc.ConnectionImpl@4d41b086] will not be managed by Spring
==>  Preparing: select distinct user_id from user_events where process_status in ('PENDING','QUARANTINED') order by user_id
==> Parameters: 
<==      Total: 0
Closing non transactional SqlSession [org.apache.ibatis.session.defaults.DefaultSqlSession@6c3e53fb]
2026-08-13T14:47:14.804+08:00 DEBUG 4448 --- [  sse-heartbeat] c.t.l.service.impl.SsePushServiceImpl    : 开始发送心跳，当前连接数: 0
2026-08-13T14:47:14.804+08:00 DEBUG 4448 --- [    sse-cleanup] c.t.l.service.impl.SsePushServiceImpl    : 开始清理过期连接，当前连接数: 0
2026-08-13T14:47:14.823+08:00 DEBUG 4448 --- [    sse-cleanup] c.t.l.service.impl.SsePushServiceImpl    : 清理完成，剩余连接数: 0
2026-08-13T14:47:18.381+08:00  INFO 4448 --- [a-EvictionTimer] c.n.e.registry.AbstractInstanceRegistry  : Running the evict task with compensationTime 14ms
Creating a new SqlSession
SqlSession [org.apache.ibatis.session.defaults.DefaultSqlSession@4c1c2c12] was not registered for synchronization because synchronization is not active
JDBC Connection [HikariProxyConnection@1121704929 wrapping com.mysql.cj.jdbc.ConnectionImpl@4d41b086] will not be managed by Spring
==>  Preparing: select distinct user_id from user_events where process_status in ('PENDING','QUARANTINED') order by user_id
==> Parameters: 
<==      Total: 0
Closing non transactional SqlSession [org.apache.ibatis.session.defaults.DefaultSqlSession@4c1c2c12]
2026-08-13T14:47:44.797+08:00 DEBUG 4448 --- [  sse-heartbeat] c.t.l.service.impl.SsePushServiceImpl    : 开始发送心跳，当前连接数: 0
Creating a new SqlSession
SqlSession [org.apache.ibatis.session.defaults.DefaultSqlSession@11bfbcbc] was not registered for synchronization because synchronization is not active
JDBC Connection [HikariProxyConnection@1421684975 wrapping com.mysql.cj.jdbc.ConnectionImpl@4d41b086] will not be managed by Spring
==>  Preparing: select distinct user_id from user_events where process_status in ('PENDING','QUARANTINED') order by user_id
==> Parameters: 
<==      Total: 0
Closing non transactional SqlSession [org.apache.ibatis.session.defaults.DefaultSqlSession@11bfbcbc]
2026-08-13T14:48:14.804+08:00 DEBUG 4448 --- [  sse-heartbeat] c.t.l.service.impl.SsePushServiceImpl    : 开始发送心跳，当前连接数: 0
2026-08-13T14:48:14.804+08:00 DEBUG 4448 --- [    sse-cleanup] c.t.l.service.impl.SsePushServiceImpl    : 开始清理过期连接，当前连接数: 0
2026-08-13T14:48:14.826+08:00 DEBUG 4448 --- [    sse-cleanup] c.t.l.service.impl.SsePushServiceImpl    : 清理完成，剩余连接数: 0
2026-08-13T14:48:18.393+08:00  INFO 4448 --- [a-EvictionTimer] c.n.e.registry.AbstractInstanceRegistry  : Running the evict task with compensationTime 12ms
Creating a new SqlSession
SqlSession [org.apache.ibatis.session.defaults.DefaultSqlSession@65a3a671] was not registered for synchronization because synchronization is not active
JDBC Connection [HikariProxyConnection@152419365 wrapping com.mysql.cj.jdbc.ConnectionImpl@4d41b086] will not be managed by Spring
==>  Preparing: select distinct user_id from user_events where process_status in ('PENDING','QUARANTINED') order by user_id
==> Parameters: 
<==      Total: 0
Closing non transactional SqlSession [org.apache.ibatis.session.defaults.DefaultSqlSession@65a3a671]
2026-08-13T14:48:44.797+08:00 DEBUG 4448 --- [  sse-heartbeat] c.t.l.service.impl.SsePushServiceImpl    : 开始发送心跳，当前连接数: 0
Creating a new SqlSession
SqlSession [org.apache.ibatis.session.defaults.DefaultSqlSession@4e29f45d] was not registered for synchronization because synchronization is not active
JDBC Connection [HikariProxyConnection@910246855 wrapping com.mysql.cj.jdbc.ConnectionImpl@4d41b086] will not be managed by Spring
==>  Preparing: select distinct user_id from user_events where process_status in ('PENDING','QUARANTINED') order by user_id
==> Parameters: 
<==      Total: 0
Closing non transactional SqlSession [org.apache.ibatis.session.defaults.DefaultSqlSession@4e29f45d]
2026-08-13T14:49:14.802+08:00 DEBUG 4448 --- [  sse-heartbeat] c.t.l.service.impl.SsePushServiceImpl    : 开始发送心跳，当前连接数: 0
2026-08-13T14:49:14.802+08:00 DEBUG 4448 --- [    sse-cleanup] c.t.l.service.impl.SsePushServiceImpl    : 开始清理过期连接，当前连接数: 0
2026-08-13T14:49:14.822+08:00 DEBUG 4448 --- [    sse-cleanup] c.t.l.service.impl.SsePushServiceImpl    : 清理完成，剩余连接数: 0
2026-08-13T14:49:18.400+08:00  INFO 4448 --- [a-EvictionTimer] c.n.e.registry.AbstractInstanceRegistry  : Running the evict task with compensationTime 7ms
Creating a new SqlSession
SqlSession [org.apache.ibatis.session.defaults.DefaultSqlSession@30dc1793] was not registered for synchronization because synchronization is not active
JDBC Connection [HikariProxyConnection@827754185 wrapping com.mysql.cj.jdbc.ConnectionImpl@4d41b086] will not be managed by Spring
==>  Preparing: select distinct user_id from user_events where process_status in ('PENDING','QUARANTINED') order by user_id
==> Parameters: 
<==      Total: 0
Closing non transactional SqlSession [org.apache.ibatis.session.defaults.DefaultSqlSession@30dc1793]
2026-08-13T14:49:44.798+08:00 DEBUG 4448 --- [  sse-heartbeat] c.t.l.service.impl.SsePushServiceImpl    : 开始发送心跳，当前连接数: 0
Creating a new SqlSession
SqlSession [org.apache.ibatis.session.defaults.DefaultSqlSession@1692cc92] was not registered for synchronization because synchronization is not active
JDBC Connection [HikariProxyConnection@1176641884 wrapping com.mysql.cj.jdbc.ConnectionImpl@4d41b086] will not be managed by Spring
==>  Preparing: select distinct user_id from user_events where process_status in ('PENDING','QUARANTINED') order by user_id
==> Parameters: 
<==      Total: 0
Closing non transactional SqlSession [org.apache.ibatis.session.defaults.DefaultSqlSession@1692cc92]
2026-08-13T14:50:14.795+08:00 DEBUG 4448 --- [    sse-cleanup] c.t.l.service.impl.SsePushServiceImpl    : 开始清理过期连接，当前连接数: 0
2026-08-13T14:50:14.795+08:00 DEBUG 4448 --- [  sse-heartbeat] c.t.l.service.impl.SsePushServiceImpl    : 开始发送心跳，当前连接数: 0
2026-08-13T14:50:14.815+08:00 DEBUG 4448 --- [    sse-cleanup] c.t.l.service.impl.SsePushServiceImpl    : 清理完成，剩余连接数: 0
2026-08-13T14:50:18.403+08:00  INFO 4448 --- [a-EvictionTimer] c.n.e.registry.AbstractInstanceRegistry  : Running the evict task with compensationTime 2ms
2026-08-13T14:50:18.514+08:00 DEBUG 4448 --- [MessageBroker-1] c.t.leapmindtts.task.VerifyCodeTask      : 开始处理过期验证码任务...
Creating a new SqlSession
Registering transaction synchronization for SqlSession [org.apache.ibatis.session.defaults.DefaultSqlSession@3a280cb9]
JDBC Connection [HikariProxyConnection@1453426567 wrapping com.mysql.cj.jdbc.ConnectionImpl@67528298] will be managed by Spring
==>  Preparing: SELECT id,phone,verification_code,expire_time,is_used FROM sms_verification_code WHERE (expire_time < ? AND is_used = ?)
==> Parameters: 2026-08-13T14:50:18.514031(LocalDateTime), 0(Integer)
<==      Total: 0
Releasing transactional SqlSession [org.apache.ibatis.session.defaults.DefaultSqlSession@3a280cb9]
2026-08-13T14:50:18.516+08:00 DEBUG 4448 --- [MessageBroker-1] c.t.leapmindtts.task.VerifyCodeTask      : 没有找到过期的验证码记录
Transaction synchronization committing SqlSession [org.apache.ibatis.session.defaults.DefaultSqlSession@3a280cb9]
Transaction synchronization deregistering SqlSession [org.apache.ibatis.session.defaults.DefaultSqlSession@3a280cb9]
Transaction synchronization closing SqlSession [org.apache.ibatis.session.defaults.DefaultSqlSession@3a280cb9]
Creating a new SqlSession
SqlSession [org.apache.ibatis.session.defaults.DefaultSqlSession@167ead40] was not registered for synchronization because synchronization is not active
JDBC Connection [HikariProxyConnection@1076549806 wrapping com.mysql.cj.jdbc.ConnectionImpl@4d41b086] will not be managed by Spring
==>  Preparing: select distinct user_id from user_events where process_status in ('PENDING','QUARANTINED') order by user_id
==> Parameters: 
<==      Total: 0
Closing non transactional SqlSession [org.apache.ibatis.session.defaults.DefaultSqlSession@167ead40]
2026-08-13T14:50:44.793+08:00 DEBUG 4448 --- [  sse-heartbeat] c.t.l.service.impl.SsePushServiceImpl    : 开始发送心跳，当前连接数: 0
Creating a new SqlSession
SqlSession [org.apache.ibatis.session.defaults.DefaultSqlSession@11be30b0] was not registered for synchronization because synchronization is not active
JDBC Connection [HikariProxyConnection@1925811050 wrapping com.mysql.cj.jdbc.ConnectionImpl@4d41b086] will not be managed by Spring
==>  Preparing: select distinct user_id from user_events where process_status in ('PENDING','QUARANTINED') order by user_id
==> Parameters: 
<==      Total: 0
Closing non transactional SqlSession [org.apache.ibatis.session.defaults.DefaultSqlSession@11be30b0]
2026-08-13T14:51:14.804+08:00 DEBUG 4448 --- [  sse-heartbeat] c.t.l.service.impl.SsePushServiceImpl    : 开始发送心跳，当前连接数: 0
2026-08-13T14:51:14.804+08:00 DEBUG 4448 --- [    sse-cleanup] c.t.l.service.impl.SsePushServiceImpl    : 开始清理过期连接，当前连接数: 0
2026-08-13T14:51:14.805+08:00 DEBUG 4448 --- [    sse-cleanup] c.t.l.service.impl.SsePushServiceImpl    : 清理完成，剩余连接数: 0
2026-08-13T14:51:18.403+08:00  INFO 4448 --- [a-EvictionTimer] c.n.e.registry.AbstractInstanceRegistry  : Running the evict task with compensationTime 0ms
Creating a new SqlSession
SqlSession [org.apache.ibatis.session.defaults.DefaultSqlSession@752bc802] was not registered for synchronization because synchronization is not active
JDBC Connection [HikariProxyConnection@368070055 wrapping com.mysql.cj.jdbc.ConnectionImpl@4d41b086] will not be managed by Spring
==>  Preparing: select distinct user_id from user_events where process_status in ('PENDING','QUARANTINED') order by user_id
==> Parameters: 
<==      Total: 0
Closing non transactional SqlSession [org.apache.ibatis.session.defaults.DefaultSqlSession@752bc802]
2026-08-13T14:51:44.806+08:00 DEBUG 4448 --- [  sse-heartbeat] c.t.l.service.impl.SsePushServiceImpl    : 开始发送心跳，当前连接数: 0
Creating a new SqlSession
SqlSession [org.apache.ibatis.session.defaults.DefaultSqlSession@499f489c] was not registered for synchronization because synchronization is not active
JDBC Connection [HikariProxyConnection@1658843765 wrapping com.mysql.cj.jdbc.ConnectionImpl@4d41b086] will not be managed by Spring
==>  Preparing: select distinct user_id from user_events where process_status in ('PENDING','QUARANTINED') order by user_id
==> Parameters: 
<==      Total: 0
Closing non transactional SqlSession [org.apache.ibatis.session.defaults.DefaultSqlSession@499f489c]
